Archive member included to satisfy reference by file (symbol)

d:/atmel/studio/7.0/toolchain/avr8/avr8-gnu-toolchain/bin/../lib/gcc/avr/4.9.2/avr35\libgcc.a(_mulhi3.o)
                              src/LUFA/LUFA/Drivers/USB/Class/Common/HIDParser.o (__mulhi3)
d:/atmel/studio/7.0/toolchain/avr8/avr8-gnu-toolchain/bin/../lib/gcc/avr/4.9.2/avr35\libgcc.a(_divmodhi4.o)
                              MorseFSM/MorseFSM.o (__divmodhi4)
d:/atmel/studio/7.0/toolchain/avr8/avr8-gnu-toolchain/bin/../lib/gcc/avr/4.9.2/avr35\libgcc.a(_udivmodsi4.o)
                              cwkeyer.o (__udivmodsi4)
d:/atmel/studio/7.0/toolchain/avr8/avr8-gnu-toolchain/bin/../lib/gcc/avr/4.9.2/avr35\libgcc.a(_exit.o)
                              D:/Atmel/Studio/7.0/Packs/atmel/ATmega_DFP/1.1.130/gcc/dev/atmega32u2/avr35/crtatmega32u2.o (exit)
d:/atmel/studio/7.0/toolchain/avr8/avr8-gnu-toolchain/bin/../lib/gcc/avr/4.9.2/avr35\libgcc.a(_tablejump2.o)
                              WinKeyDecoder/WinKeyDecoder.o (__tablejump2__)
d:/atmel/studio/7.0/toolchain/avr8/avr8-gnu-toolchain/bin/../lib/gcc/avr/4.9.2/avr35\libgcc.a(_copy_data.o)
                              cwkeyer.o (__do_copy_data)
d:/atmel/studio/7.0/toolchain/avr8/avr8-gnu-toolchain/bin/../lib/gcc/avr/4.9.2/avr35\libgcc.a(_clear_bss.o)
                              cwkeyer.o (__do_clear_bss)
d:/atmel/studio/7.0/toolchain/avr8/avr8-gnu-toolchain/bin/../lib/gcc/avr/4.9.2/avr35\libgcc.a(_udivmodhi4.o)
                              d:/atmel/studio/7.0/toolchain/avr8/avr8-gnu-toolchain/bin/../lib/gcc/avr/4.9.2/avr35\libgcc.a(_divmodhi4.o) (__udivmodhi4)
d:/atmel/studio/7.0/toolchain/avr8/avr8-gnu-toolchain/bin/../lib/gcc/avr/4.9.2/../../../../avr/lib/avr35\libc.a(memcpy_P.o)
                              src/LUFA/LUFA/Drivers/USB/Class/Device/RNDISClassDevice.o (memcpy_P)
d:/atmel/studio/7.0/toolchain/avr8/avr8-gnu-toolchain/bin/../lib/gcc/avr/4.9.2/../../../../avr/lib/avr35\libc.a(memcmp.o)
                              src/LUFA/LUFA/Drivers/USB/Class/Device/HIDClassDevice.o (memcmp)
d:/atmel/studio/7.0/toolchain/avr8/avr8-gnu-toolchain/bin/../lib/gcc/avr/4.9.2/../../../../avr/lib/avr35\libc.a(memcpy.o)
                              src/LUFA/LUFA/Drivers/USB/Class/Device/HIDClassDevice.o (memcpy)
d:/atmel/studio/7.0/toolchain/avr8/avr8-gnu-toolchain/bin/../lib/gcc/avr/4.9.2/../../../../avr/lib/avr35\libc.a(memset.o)
                              src/LUFA/LUFA/Drivers/USB/Class/Device/HIDClassDevice.o (memset)
D:/Atmel/Studio/7.0/Packs/atmel/ATmega_DFP/1.1.130/gcc/dev/atmega32u2/avr35\libatmega32u2.a(eerd_byte.o)
                              WinKeyDecoder/WinKeyDecoder.o (eeprom_read_byte)
D:/Atmel/Studio/7.0/Packs/atmel/ATmega_DFP/1.1.130/gcc/dev/atmega32u2/avr35\libatmega32u2.a(eerd_word.o)
                              WinKeyDecoder/WinKeyDecoder.o (eeprom_read_word)
D:/Atmel/Studio/7.0/Packs/atmel/ATmega_DFP/1.1.130/gcc/dev/atmega32u2/avr35\libatmega32u2.a(eeupd_byte.o)
                              WinKeyDecoder/WinKeyDecoder.o (eeprom_update_byte)
D:/Atmel/Studio/7.0/Packs/atmel/ATmega_DFP/1.1.130/gcc/dev/atmega32u2/avr35\libatmega32u2.a(eeupd_word.o)
                              WinKeyDecoder/WinKeyDecoder.o (eeprom_update_word)
D:/Atmel/Studio/7.0/Packs/atmel/ATmega_DFP/1.1.130/gcc/dev/atmega32u2/avr35\libatmega32u2.a(eerd_block.o)
                              D:/Atmel/Studio/7.0/Packs/atmel/ATmega_DFP/1.1.130/gcc/dev/atmega32u2/avr35\libatmega32u2.a(eerd_word.o) (eeprom_read_blraw)

Allocating common symbols
Common symbol       size              file

EchoBuffer          0x2               MorseFSM/MorseFSM.o
USB_IsInitialized   0x1               src/LUFA/LUFA/Drivers/USB/Core/USBTask.o
ManualData          0x40              MorseFSM/MorseFSM.o
USB_Device_ConfigurationNumber
                    0x1               src/LUFA/LUFA/Drivers/USB/Core/DeviceStandardReq.o
current_paddle_swap
                    0x1               MorseFSM/MorseFSM.o
winkey_mode         0x1               cwkeyer.o
DefaultConfiguration
                    0x10              WinKeyDecoder/WinKeyDecoder.o
USB_Device_CurrentlySelfPowered
                    0x1               src/LUFA/LUFA/Drivers/USB/Core/DeviceStandardReq.o
AsciiData           0x80              MorseFSM/MorseFSM.o
USB_ControlRequest  0x8               src/LUFA/LUFA/Drivers/USB/Core/USBTask.o
unhandeld_data      0x1               WinKeyDecoder/WinKeyDecoder.o
speedconfig         0x2               cwkeyer.o
USB_Device_RemoteWakeupEnabled
                    0x1               src/LUFA/LUFA/Drivers/USB/Core/DeviceStandardReq.o
FSM_Queue_Buffer    0x10              MorseFSM/MorseFSM.o

Discarded input sections

 .data          0x00000000        0x0 D:/Atmel/Studio/7.0/Packs/atmel/ATmega_DFP/1.1.130/gcc/dev/atmega32u2/avr35/crtatmega32u2.o
 .bss           0x00000000        0x0 D:/Atmel/Studio/7.0/Packs/atmel/ATmega_DFP/1.1.130/gcc/dev/atmega32u2/avr35/crtatmega32u2.o
 .group         0x00000000        0x8 cwkeyer.o
[...]
Memory Configuration

Name             Origin             Length             Attributes
text             0x00000000         0x00010000         xr
data             0x00800060         0x0000ffa0         rw !x
eeprom           0x00810000         0x00010000         rw !x
fuse             0x00820000         0x00000003         rw !x
lock             0x00830000         0x00000400         rw !x
signature        0x00840000         0x00000400         rw !x
user_signatures  0x00850000         0x00000400         rw !x
*default*        0x00000000         0xffffffff

Linker script and memory map

Address of section .data set to 0x800100
LOAD D:/Atmel/Studio/7.0/Packs/atmel/ATmega_DFP/1.1.130/gcc/dev/atmega32u2/avr35/crtatmega32u2.o
LOAD cwkeyer.o
LOAD RingBuffer/fifo.o
LOAD WinKeyDecoder/WinKeyDecoder.o
LOAD Descriptors.o
LOAD LUT/chartomorse.o
LOAD MorseFSM/MorseFSM.o
LOAD src/LUFA/LUFA/Drivers/USB/Class/Common/HIDParser.o
LOAD src/LUFA/LUFA/Drivers/USB/Class/Device/AudioClassDevice.o
LOAD src/LUFA/LUFA/Drivers/USB/Class/Device/CDCClassDevice.o
LOAD src/LUFA/LUFA/Drivers/USB/Class/Device/HIDClassDevice.o
LOAD src/LUFA/LUFA/Drivers/USB/Class/Device/MassStorageClassDevice.o
LOAD src/LUFA/LUFA/Drivers/USB/Class/Device/MIDIClassDevice.o
LOAD src/LUFA/LUFA/Drivers/USB/Class/Device/PrinterClassDevice.o
LOAD src/LUFA/LUFA/Drivers/USB/Class/Device/RNDISClassDevice.o
LOAD src/LUFA/LUFA/Drivers/USB/Class/Host/AndroidAccessoryClassHost.o
LOAD src/LUFA/LUFA/Drivers/USB/Class/Host/AudioClassHost.o
LOAD src/LUFA/LUFA/Drivers/USB/Class/Host/CDCClassHost.o
LOAD src/LUFA/LUFA/Drivers/USB/Class/Host/HIDClassHost.o
LOAD src/LUFA/LUFA/Drivers/USB/Class/Host/MassStorageClassHost.o
LOAD src/LUFA/LUFA/Drivers/USB/Class/Host/MIDIClassHost.o
LOAD src/LUFA/LUFA/Drivers/USB/Class/Host/PrinterClassHost.o
LOAD src/LUFA/LUFA/Drivers/USB/Class/Host/RNDISClassHost.o
LOAD src/LUFA/LUFA/Drivers/USB/Class/Host/StillImageClassHost.o
LOAD src/LUFA/LUFA/Drivers/USB/Core/AVR8/Device_AVR8.o
LOAD src/LUFA/LUFA/Drivers/USB/Core/AVR8/EndpointStream_AVR8.o
LOAD src/LUFA/LUFA/Drivers/USB/Core/AVR8/Endpoint_AVR8.o
LOAD src/LUFA/LUFA/Drivers/USB/Core/AVR8/Host_AVR8.o
LOAD src/LUFA/LUFA/Drivers/USB/Core/AVR8/PipeStream_AVR8.o
LOAD src/LUFA/LUFA/Drivers/USB/Core/AVR8/Pipe_AVR8.o
LOAD src/LUFA/LUFA/Drivers/USB/Core/AVR8/Template/Template_Endpoint_Control_R.o
LOAD src/LUFA/LUFA/Drivers/USB/Core/AVR8/Template/Template_Endpoint_Control_W.o
LOAD src/LUFA/LUFA/Drivers/USB/Core/AVR8/Template/Template_Endpoint_RW.o
LOAD src/LUFA/LUFA/Drivers/USB/Core/AVR8/Template/Template_Pipe_RW.o
LOAD src/LUFA/LUFA/Drivers/USB/Core/AVR8/USBController_AVR8.o
LOAD src/LUFA/LUFA/Drivers/USB/Core/AVR8/USBInterrupt_AVR8.o
LOAD src/LUFA/LUFA/Drivers/USB/Core/ConfigDescriptors.o
LOAD src/LUFA/LUFA/Drivers/USB/Core/DeviceStandardReq.o
LOAD src/LUFA/LUFA/Drivers/USB/Core/Events.o
LOAD src/LUFA/LUFA/Drivers/USB/Core/HostStandardReq.o
LOAD src/LUFA/LUFA/Drivers/USB/Core/USBTask.o
START GROUP
LOAD d:/atmel/studio/7.0/toolchain/avr8/avr8-gnu-toolchain/bin/../lib/gcc/avr/4.9.2/../../../../avr/lib/avr35\libm.a
END GROUP
START GROUP
LOAD d:/atmel/studio/7.0/toolchain/avr8/avr8-gnu-toolchain/bin/../lib/gcc/avr/4.9.2/avr35\libgcc.a
LOAD d:/atmel/studio/7.0/toolchain/avr8/avr8-gnu-toolchain/bin/../lib/gcc/avr/4.9.2/../../../../avr/lib/avr35\libm.a
LOAD d:/atmel/studio/7.0/toolchain/avr8/avr8-gnu-toolchain/bin/../lib/gcc/avr/4.9.2/../../../../avr/lib/avr35\libc.a
LOAD D:/Atmel/Studio/7.0/Packs/atmel/ATmega_DFP/1.1.130/gcc/dev/atmega32u2/avr35\libatmega32u2.a
END GROUP
                0x00010000                __TEXT_REGION_LENGTH__ = DEFINED (__TEXT_REGION_LENGTH__)?__TEXT_REGION_LENGTH__:0x10000
                0x0000ffa0                __DATA_REGION_LENGTH__ = DEFINED (__DATA_REGION_LENGTH__)?__DATA_REGION_LENGTH__:0xffa0
                0x00010000                __EEPROM_REGION_LENGTH__ = DEFINED (__EEPROM_REGION_LENGTH__)?__EEPROM_REGION_LENGTH__:0x10000
                [0x00000003]                __FUSE_REGION_LENGTH__ = DEFINED (__FUSE_REGION_LENGTH__)?__FUSE_REGION_LENGTH__:0x400
                0x00000400                __LOCK_REGION_LENGTH__ = DEFINED (__LOCK_REGION_LENGTH__)?__LOCK_REGION_LENGTH__:0x400
                0x00000400                __SIGNATURE_REGION_LENGTH__ = DEFINED (__SIGNATURE_REGION_LENGTH__)?__SIGNATURE_REGION_LENGTH__:0x400
                0x00000400                __USER_SIGNATURE_REGION_LENGTH__ = DEFINED (__USER_SIGNATURE_REGION_LENGTH__)?__USER_SIGNATURE_REGION_LENGTH__:0x400

.hash
 *(.hash)

.dynsym
 *(.dynsym)

.dynstr
 *(.dynstr)

.gnu.version
 *(.gnu.version)

.gnu.version_d
 *(.gnu.version_d)

.gnu.version_r
 *(.gnu.version_r)

.rel.init
 *(.rel.init)

.rela.init
 *(.rela.init)

.rel.text
 *(.rel.text)
 *(.rel.text.*)
 *(.rel.gnu.linkonce.t*)

.rela.text
 *(.rela.text)
 *(.rela.text.*)
 *(.rela.gnu.linkonce.t*)

.rel.fini
 *(.rel.fini)

.rela.fini
 *(.rela.fini)

.rel.rodata
 *(.rel.rodata)
 *(.rel.rodata.*)
 *(.rel.gnu.linkonce.r*)

.rela.rodata
 *(.rela.rodata)
 *(.rela.rodata.*)
 *(.rela.gnu.linkonce.r*)

.rel.data
 *(.rel.data)
 *(.rel.data.*)
 *(.rel.gnu.linkonce.d*)

.rela.data
 *(.rela.data)
 *(.rela.data.*)
 *(.rela.gnu.linkonce.d*)

.rel.ctors
 *(.rel.ctors)

.rela.ctors
 *(.rela.ctors)

.rel.dtors
 *(.rel.dtors)

.rela.dtors
 *(.rela.dtors)

.rel.got
 *(.rel.got)

.rela.got
 *(.rela.got)

.rel.bss
 *(.rel.bss)

.rela.bss
 *(.rela.bss)

.rel.plt
 *(.rel.plt)

.rela.plt
 *(.rela.plt)

.text           0x00000000     0x1e3a
 *(.vectors)
 .vectors       0x00000000       0x74 D:/Atmel/Studio/7.0/Packs/atmel/ATmega_DFP/1.1.130/gcc/dev/atmega32u2/avr35/crtatmega32u2.o
                0x00000000                __vector_default
                0x00000000                __vectors
 *(.vectors)
 *(.progmem.gcc*)
 .progmem.gcc_sw_table.Decoder
                0x00000074       0xaa WinKeyDecoder/WinKeyDecoder.o
 .progmem.gcc_sw_table.__vector_15
                0x0000011e       0x48 MorseFSM/MorseFSM.o
 .progmem.gcc_sw_table.USB_Device_ProcessControlRequest
                0x00000166       0x14 src/LUFA/LUFA/Drivers/USB/Core/DeviceStandardReq.o
                0x0000017a                . = ALIGN (0x2)
                0x0000017a                __trampolines_start = .
 *(.trampolines)
 .trampolines   0x0000017a        0x0 linker stubs
 *(.trampolines*)
                0x0000017a                __trampolines_end = .
 *libprintf_flt.a:*(.progmem.data)
 *libc.a:*(.progmem.data)
 *(.progmem*)
 .progmem.data.ProductString
                0x0000017a       0x14 Descriptors.o
                0x0000017a                ProductString
 .progmem.data.ManufacturerString
                0x0000018e       0x14 Descriptors.o
                0x0000018e                ManufacturerString
 .progmem.data.LanguageString
                0x000001a2        0x4 Descriptors.o
                0x000001a2                LanguageString
 .progmem.data.ConfigurationDescriptor
                0x000001a6       0x3e Descriptors.o
                0x000001a6                ConfigurationDescriptor
 .progmem.data.DeviceDescriptor
                0x000001e4       0x12 Descriptors.o
                0x000001e4                DeviceDescriptor
 .progmem.data.morsetable
                0x000001f6       0x80 LUT/chartomorse.o
                0x000001f6                morsetable
                0x00000276                . = ALIGN (0x2)
 *(.jumptables)
 *(.jumptables*)
 *(.lowtext)
 *(.lowtext*)
                0x00000276                __ctors_start = .
 *(.ctors)
                0x00000276                __ctors_end = .
                0x00000276                __dtors_start = .
 *(.dtors)
                0x00000276                __dtors_end = .
 SORT(*)(.ctors)
 SORT(*)(.dtors)
 *(.init0)
 .init0         0x00000276        0x0 D:/Atmel/Studio/7.0/Packs/atmel/ATmega_DFP/1.1.130/gcc/dev/atmega32u2/avr35/crtatmega32u2.o
                0x00000276                __init
 *(.init0)
 *(.init1)
 *(.init1)
 *(.init2)
 .init2         0x00000276        0xc D:/Atmel/Studio/7.0/Packs/atmel/ATmega_DFP/1.1.130/gcc/dev/atmega32u2/avr35/crtatmega32u2.o
 *(.init2)
 *(.init3)
 *(.init3)
 *(.init4)
 .init4         0x00000282       0x16 d:/atmel/studio/7.0/toolchain/avr8/avr8-gnu-toolchain/bin/../lib/gcc/avr/4.9.2/avr35\libgcc.a(_copy_data.o)
                0x00000282                __do_copy_data
 .init4         0x00000298       0x10 d:/atmel/studio/7.0/toolchain/avr8/avr8-gnu-toolchain/bin/../lib/gcc/avr/4.9.2/avr35\libgcc.a(_clear_bss.o)
                0x00000298                __do_clear_bss
 *(.init4)
 *(.init5)
 *(.init5)
 *(.init6)
 *(.init6)
 *(.init7)
 *(.init7)
 *(.init8)
 *(.init8)
 *(.init9)
 .init9         0x000002a8        0x6 D:/Atmel/Studio/7.0/Packs/atmel/ATmega_DFP/1.1.130/gcc/dev/atmega32u2/avr35/crtatmega32u2.o
 *(.init9)
 *(.text)
 .text          0x000002ae        0x2 D:/Atmel/Studio/7.0/Packs/atmel/ATmega_DFP/1.1.130/gcc/dev/atmega32u2/avr35/crtatmega32u2.o
                0x000002ae                __vector_22
                0x000002ae                __vector_28
                0x000002ae                __vector_24
                0x000002ae                __bad_interrupt
                0x000002ae                __vector_6
                0x000002ae                __vector_3
                0x000002ae                __vector_23
                0x000002ae                __vector_25
                0x000002ae                __vector_13
                0x000002ae                __vector_17
                0x000002ae                __vector_19
                0x000002ae                __vector_7
                0x000002ae                __vector_27
                0x000002ae                __vector_5
                0x000002ae                __vector_4
                0x000002ae                __vector_9
                0x000002ae                __vector_21
                0x000002ae                __vector_8
                0x000002ae                __vector_26
                0x000002ae                __vector_14
                0x000002ae                __vector_10
                0x000002ae                __vector_16
                0x000002ae                __vector_18
                0x000002ae                __vector_20
                0x000002b0                . = ALIGN (0x2)
 *(.text.*)
 .text.__vector_1
                0x000002b0       0x14 cwkeyer.o
                0x000002b0                __vector_1
 .text.__vector_2
                0x000002c4       0x14 cwkeyer.o
                0x000002c4                __vector_2
 .text.SetupHardware
                0x000002d8       0x6c cwkeyer.o
                0x000002d8                SetupHardware
 .text.long_delay
                0x00000344       0x16 cwkeyer.o
                0x00000344                long_delay
 .text.sende_uart_puffer
                0x0000035a       0x78 cwkeyer.o
                0x0000035a                sende_uart_puffer
 .text.usb_puts
                0x000003d2       0x48 cwkeyer.o
                0x000003d2                usb_puts
 .text.startup.main
                0x0000041a       0x84 cwkeyer.o
                0x0000041a                main
 .text.EVENT_USB_Device_ConfigurationChanged
                0x0000049e        0x6 cwkeyer.o
                0x0000049e                EVENT_USB_Device_ConfigurationChanged
 .text.EVENT_USB_Device_ControlRequest
                0x000004a4        0x6 cwkeyer.o
                0x000004a4                EVENT_USB_Device_ControlRequest
 .text.EVENT_CDC_Device_LineEncodingChanged
                0x000004aa       0x38 cwkeyer.o
                0x000004aa                EVENT_CDC_Device_LineEncodingChanged
 .text._inline_fifo_get
                0x000004e2       0x2e RingBuffer/fifo.o
 .text.fifo_init
                0x00000510       0x18 RingBuffer/fifo.o
                0x00000510                fifo_init
 .text.fifo_reset
                0x00000528       0x1e RingBuffer/fifo.o
                0x00000528                fifo_reset
 .text.fifo_put
                0x00000546       0x3c RingBuffer/fifo.o
                0x00000546                fifo_put
 .text.fifo_get_nowait
                0x00000582       0x14 RingBuffer/fifo.o
                0x00000582                fifo_get_nowait
 .text.fifo_get_item_count
                0x00000596        0x6 RingBuffer/fifo.o
                0x00000596                fifo_get_item_count
 .text.fifo_get_free_count
                0x0000059c        0xa RingBuffer/fifo.o
                0x0000059c                fifo_get_free_count
 .text.fifo_peek_nowait
                0x000005a6       0x20 RingBuffer/fifo.o
                0x000005a6                fifo_peek_nowait
 .text._crc_ccitt_update
                0x000005c6       0x24 WinKeyDecoder/WinKeyDecoder.o
 .text.WinkeyEEPROMread
                0x000005ea        0x6 WinKeyDecoder/WinKeyDecoder.o
                0x000005ea                WinkeyEEPROMread
 .text.WinkeyEEPROMwrite
                0x000005f0        0x6 WinKeyDecoder/WinKeyDecoder.o
                0x000005f0                WinkeyEEPROMwrite
 .text.load_configuration
                0x000005f6       0xe6 WinKeyDecoder/WinKeyDecoder.o
                0x000005f6                load_configuration
 .text.InitWinkeyDecoder
                0x000006dc        0x2 WinKeyDecoder/WinKeyDecoder.o
                0x000006dc                InitWinkeyDecoder
 .text.save_configuration
                0x000006de       0x64 WinKeyDecoder/WinKeyDecoder.o
                0x000006de                save_configuration
 .text.Decoder  0x00000742      0x25c WinKeyDecoder/WinKeyDecoder.o
                0x00000742                Decoder
 .text.CALLBACK_USB_GetDescriptor
                0x0000099e       0x64 Descriptors.o
                0x0000099e                CALLBACK_USB_GetDescriptor
 .text.CharToMorse
                0x00000a02       0x36 LUT/chartomorse.o
                0x00000a02                CharToMorse
 .text.MorseFSM_Init
                0x00000a38       0x54 MorseFSM/MorseFSM.o
                0x00000a38                MorseFSM_Init
 .text.Morse_FSM_Start
                0x00000a8c        0xc MorseFSM/MorseFSM.o
                0x00000a8c                Morse_FSM_Start
 .text.Morse_FSM_Update_Config
                0x00000a98       0x74 MorseFSM/MorseFSM.o
                0x00000a98                Morse_FSM_Update_Config
 .text.Morse_FSM_Get_Buffer_Free
                0x00000b0c        0x6 MorseFSM/MorseFSM.o
                0x00000b0c                Morse_FSM_Get_Buffer_Free
 .text.Morse_FSM_Empty_All_Buffer
                0x00000b12        0xc MorseFSM/MorseFSM.o
                0x00000b12                Morse_FSM_Empty_All_Buffer
 .text.Morse_FSM_Force_Dit
                0x00000b1e        0xa MorseFSM/MorseFSM.o
                0x00000b1e                Morse_FSM_Force_Dit
 .text.Morse_FSM_Force_Dah
                0x00000b28        0xa MorseFSM/MorseFSM.o
                0x00000b28                Morse_FSM_Force_Dah
 .text.Morse_FSM_Empty_Ascii_Buffer
                0x00000b32        0x6 MorseFSM/MorseFSM.o
                0x00000b32                Morse_FSM_Empty_Ascii_Buffer
 .text.insert_keybyte
                0x00000b38        0x8 MorseFSM/MorseFSM.o
                0x00000b38                insert_keybyte
 .text.SetWPM   0x00000b40       0x14 MorseFSM/MorseFSM.o
                0x00000b40                SetWPM
 .text.__vector_15
                0x00000b54      0x6f4 MorseFSM/MorseFSM.o
                0x00000b54                __vector_15
 .text.CDC_Device_ConfigureEndpoints
                0x00001248       0x4a src/LUFA/LUFA/Drivers/USB/Class/Device/CDCClassDevice.o
                0x00001248                CDC_Device_ConfigureEndpoints
 .text.CDC_Device_SendByte
                0x00001292       0x54 src/LUFA/LUFA/Drivers/USB/Class/Device/CDCClassDevice.o
                0x00001292                CDC_Device_SendByte
 .text.CDC_Device_Flush
                0x000012e6       0x52 src/LUFA/LUFA/Drivers/USB/Class/Device/CDCClassDevice.o
                0x000012e6                CDC_Device_Flush
 .text.CDC_Device_USBTask
                0x00001338       0x2a src/LUFA/LUFA/Drivers/USB/Class/Device/CDCClassDevice.o
                0x00001338                CDC_Device_USBTask
 .text.CDC_Device_ReceiveByte
                0x00001362       0x58 src/LUFA/LUFA/Drivers/USB/Class/Device/CDCClassDevice.o
                0x00001362                CDC_Device_ReceiveByte
 .text.CDC_Device_Event_Stub
                0x000013ba        0x2 src/LUFA/LUFA/Drivers/USB/Class/Device/CDCClassDevice.o
                0x000013ba                EVENT_CDC_Device_BreakSent
                0x000013ba                CDC_Device_Event_Stub
                0x000013ba                EVENT_CDC_Device_ControLineStateChanged
 .text.CDC_Device_ProcessControlRequest
                0x000013bc      0x160 src/LUFA/LUFA/Drivers/USB/Class/Device/CDCClassDevice.o
                0x000013bc                CDC_Device_ProcessControlRequest
 .text.Endpoint_Write_Control_Stream_LE
                0x0000151c       0xb0 src/LUFA/LUFA/Drivers/USB/Core/AVR8/EndpointStream_AVR8.o
                0x0000151c                Endpoint_Write_Control_Stream_LE
 .text.Endpoint_Write_Control_PStream_LE
                0x000015cc       0xac src/LUFA/LUFA/Drivers/USB/Core/AVR8/EndpointStream_AVR8.o
                0x000015cc                Endpoint_Write_Control_PStream_LE
 .text.Endpoint_ConfigureEndpoint_Prv
                0x00001678       0x6a src/LUFA/LUFA/Drivers/USB/Core/AVR8/Endpoint_AVR8.o
                0x00001678                Endpoint_ConfigureEndpoint_Prv
 .text.Endpoint_ConfigureEndpointTable
                0x000016e2       0x92 src/LUFA/LUFA/Drivers/USB/Core/AVR8/Endpoint_AVR8.o
                0x000016e2                Endpoint_ConfigureEndpointTable
 .text.Endpoint_ClearStatusStage
                0x00001774       0x3a src/LUFA/LUFA/Drivers/USB/Core/AVR8/Endpoint_AVR8.o
                0x00001774                Endpoint_ClearStatusStage
 .text.Endpoint_WaitUntilReady
                0x000017ae       0x62 src/LUFA/LUFA/Drivers/USB/Core/AVR8/Endpoint_AVR8.o
                0x000017ae                Endpoint_WaitUntilReady
 .text.USB_ResetInterface
                0x00001810       0x6e src/LUFA/LUFA/Drivers/USB/Core/AVR8/USBController_AVR8.o
                0x00001810                USB_ResetInterface
 .text.USB_Init
                0x0000187e       0x12 src/LUFA/LUFA/Drivers/USB/Core/AVR8/USBController_AVR8.o
                0x0000187e                USB_Init
 .text.USB_INT_DisableAllInterrupts
                0x00001890        0x6 src/LUFA/LUFA/Drivers/USB/Core/AVR8/USBInterrupt_AVR8.o
                0x00001890                USB_INT_DisableAllInterrupts
 .text.USB_INT_ClearAllInterrupts
                0x00001896        0x6 src/LUFA/LUFA/Drivers/USB/Core/AVR8/USBInterrupt_AVR8.o
                0x00001896                USB_INT_ClearAllInterrupts
 .text.__vector_11
                0x0000189c      0x14a src/LUFA/LUFA/Drivers/USB/Core/AVR8/USBInterrupt_AVR8.o
                0x0000189c                __vector_11
 .text.__vector_12
                0x000019e6       0x86 src/LUFA/LUFA/Drivers/USB/Core/AVR8/USBInterrupt_AVR8.o
                0x000019e6                __vector_12
 .text.USB_Device_ProcessControlRequest
                0x00001a6c      0x292 src/LUFA/LUFA/Drivers/USB/Core/DeviceStandardReq.o
                0x00001a6c                USB_Device_ProcessControlRequest
 .text.USB_Event_Stub
                0x00001cfe        0x2 src/LUFA/LUFA/Drivers/USB/Core/Events.o
                0x00001cfe                EVENT_USB_Device_WakeUp
                0x00001cfe                USB_Event_Stub
                0x00001cfe                EVENT_USB_Device_Suspend
                0x00001cfe                EVENT_USB_Device_StartOfFrame
                0x00001cfe                EVENT_USB_Device_Disconnect
                0x00001cfe                EVENT_USB_Device_Reset
                0x00001cfe                EVENT_USB_Device_Connect
 .text.USB_USBTask
                0x00001d00       0x32 src/LUFA/LUFA/Drivers/USB/Core/USBTask.o
                0x00001d00                USB_USBTask
 .text.libgcc.div
                0x00001d32       0x26 d:/atmel/studio/7.0/toolchain/avr8/avr8-gnu-toolchain/bin/../lib/gcc/avr/4.9.2/avr35\libgcc.a(_divmodhi4.o)
                0x00001d32                _div
                0x00001d32                __divmodhi4
 .text.libgcc.div
                0x00001d58       0x44 d:/atmel/studio/7.0/toolchain/avr8/avr8-gnu-toolchain/bin/../lib/gcc/avr/4.9.2/avr35\libgcc.a(_udivmodsi4.o)
                0x00001d58                __udivmodsi4
 .text.libgcc   0x00001d9c        0xc d:/atmel/studio/7.0/toolchain/avr8/avr8-gnu-toolchain/bin/../lib/gcc/avr/4.9.2/avr35\libgcc.a(_tablejump2.o)
                0x00001d9c                __tablejump2__
 .text.libgcc.div
                0x00001da8       0x28 d:/atmel/studio/7.0/toolchain/avr8/avr8-gnu-toolchain/bin/../lib/gcc/avr/4.9.2/avr35\libgcc.a(_udivmodhi4.o)
                0x00001da8                __udivmodhi4
 .text.avr-libc
                0x00001dd0       0x10 D:/Atmel/Studio/7.0/Packs/atmel/ATmega_DFP/1.1.130/gcc/dev/atmega32u2/avr35\libatmega32u2.a(eerd_byte.o)
                0x00001dd0                eeprom_read_byte
 .text.avr-libc
                0x00001de0        0xa D:/Atmel/Studio/7.0/Packs/atmel/ATmega_DFP/1.1.130/gcc/dev/atmega32u2/avr35\libatmega32u2.a(eerd_word.o)
                0x00001de0                eeprom_read_word
 .text.avr-libc
                0x00001dea       0x24 D:/Atmel/Studio/7.0/Packs/atmel/ATmega_DFP/1.1.130/gcc/dev/atmega32u2/avr35\libatmega32u2.a(eeupd_byte.o)
                0x00001dea                eeprom_update_byte
                0x00001dec                eeprom_update_r18
 .text.avr-libc
                0x00001e0e        0x8 D:/Atmel/Studio/7.0/Packs/atmel/ATmega_DFP/1.1.130/gcc/dev/atmega32u2/avr35\libatmega32u2.a(eeupd_word.o)
                0x00001e0e                eeprom_update_word
 .text.avr-libc
                0x00001e16       0x20 D:/Atmel/Studio/7.0/Packs/atmel/ATmega_DFP/1.1.130/gcc/dev/atmega32u2/avr35\libatmega32u2.a(eerd_block.o)
                0x00001e16                eeprom_read_block
                0x00001e1a                eeprom_read_blraw
                0x00001e36                . = ALIGN (0x2)
 *(.fini9)
 .fini9         0x00001e36        0x0 d:/atmel/studio/7.0/toolchain/avr8/avr8-gnu-toolchain/bin/../lib/gcc/avr/4.9.2/avr35\libgcc.a(_exit.o)
                0x00001e36                _exit
                0x00001e36                exit
 *(.fini9)
 *(.fini8)
 *(.fini8)
 *(.fini7)
 *(.fini7)
 *(.fini6)
 *(.fini6)
 *(.fini5)
 *(.fini5)
 *(.fini4)
 *(.fini4)
 *(.fini3)
 *(.fini3)
 *(.fini2)
 *(.fini2)
 *(.fini1)
 *(.fini1)
 *(.fini0)
 .fini0         0x00001e36        0x4 d:/atmel/studio/7.0/toolchain/avr8/avr8-gnu-toolchain/bin/../lib/gcc/avr/4.9.2/avr35\libgcc.a(_exit.o)
 *(.fini0)
                0x00001e3a                _etext = .

.data           0x00800100       0x22 load address 0x00001e3a
                0x00800100                PROVIDE (__data_start, .)
 *(.data)
 *(.data*)
 .data.VirtualSerial_CDC_Interface
                0x00800100       0x1b cwkeyer.o
                0x00800100                VirtualSerial_CDC_Interface
 .data.KeyB     0x0080011b        0x1 MorseFSM/MorseFSM.o
                0x0080011b                KeyB
 .data.KeyA     0x0080011c        0x1 MorseFSM/MorseFSM.o
                0x0080011c                KeyA
 .data.TXChar   0x0080011d        0x2 MorseFSM/MorseFSM.o
                0x0080011d                TXChar
 .data.EchoModeOn
                0x0080011f        0x1 MorseFSM/MorseFSM.o
                0x0080011f                EchoModeOn
 .data.current_WPM
                0x00800120        0x1 MorseFSM/MorseFSM.o
                0x00800120                current_WPM
 *(.rodata)
 *(.rodata*)
 *(.gnu.linkonce.d*)
                0x00800122                . = ALIGN (0x2)
 *fill*         0x00800121        0x1 
                0x00800122                _edata = .
                0x00800122                PROVIDE (__data_end, .)

.bss            0x00800122      0x1dc
                0x00800122                PROVIDE (__bss_start, .)
 *(.bss)
 *(.bss*)
 .bss.msCharSendtime
                0x00800122        0x4 cwkeyer.o
 .bss.Emulatedbaurate
                0x00800126        0x4 cwkeyer.o
 .bss.MorseEchotoUSB_Buffer_Data
                0x0080012a       0x20 cwkeyer.o
 .bss.MorseEchotoUSB_Buffer
                0x0080014a        0xa cwkeyer.o
 .bss.USARTtoUSB_Buffer_Data
                0x00800154       0x80 cwkeyer.o
 .bss.USARTtoUSB_Buffer
                0x008001d4        0xa cwkeyer.o
 .bss.eeprom_ptr
                0x008001de        0x2 WinKeyDecoder/WinKeyDecoder.o
                0x008001de                eeprom_ptr
 .bss.current_state
                0x008001e0        0x2 WinKeyDecoder/WinKeyDecoder.o
                0x008001e0                current_state
 .bss.ULTIMATIC_EXTENSION
                0x008001e2        0x1 MorseFSM/MorseFSM.o
                0x008001e2                ULTIMATIC_EXTENSION
 .bss.LAMBICB_EXTENSION
                0x008001e3        0x1 MorseFSM/MorseFSM.o
                0x008001e3                LAMBICB_EXTENSION
 .bss.PaddleKeyB
                0x008001e4        0x1 MorseFSM/MorseFSM.o
                0x008001e4                PaddleKeyB
 .bss.PaddleKeyA
                0x008001e5        0x1 MorseFSM/MorseFSM.o
                0x008001e5                PaddleKeyA
 .bss.CurrentKeymode
                0x008001e6        0x1 MorseFSM/MorseFSM.o
                0x008001e6                CurrentKeymode
 .bss.FSM_ParameterB
                0x008001e7        0x2 MorseFSM/MorseFSM.o
                0x008001e7                FSM_ParameterB
 .bss.FSM_ParameterA
                0x008001e9        0x2 MorseFSM/MorseFSM.o
                0x008001e9                FSM_ParameterA
 .bss.FSM_ManualState
                0x008001eb        0x1 MorseFSM/MorseFSM.o
                0x008001eb                FSM_ManualState
 .bss.FSM_State
                0x008001ec        0x1 MorseFSM/MorseFSM.o
                0x008001ec                FSM_State
 .bss.FSM_Mode  0x008001ed        0x1 MorseFSM/MorseFSM.o
                0x008001ed                FSM_Mode
 .bss.SwitchBagLevel
                0x008001ee        0x2 MorseFSM/MorseFSM.o
                0x008001ee                SwitchBagLevel
 .bss.ManualDataQueue
                0x008001f0        0xa MorseFSM/MorseFSM.o
 .bss.AsciiQueue
                0x008001fa        0xa MorseFSM/MorseFSM.o
 .bss.FSM_Queue
                0x00800204        0xa MorseFSM/MorseFSM.o
 *(COMMON)
 COMMON         0x0080020e       0x11 WinKeyDecoder/WinKeyDecoder.o
                0x0080020e                DefaultConfiguration
                0x0080021e                unhandeld_data
 COMMON         0x0080021f       0xd3 MorseFSM/MorseFSM.o
                0x0080021f                EchoBuffer
                0x00800221                ManualData
                0x00800261                current_paddle_swap
                0x00800262                AsciiData
                0x008002e2                FSM_Queue_Buffer
 COMMON         0x008002f2        0x3 src/LUFA/LUFA/Drivers/USB/Core/DeviceStandardReq.o
                0x008002f2                USB_Device_ConfigurationNumber
                0x008002f3                USB_Device_CurrentlySelfPowered
                0x008002f4                USB_Device_RemoteWakeupEnabled
 COMMON         0x008002f5        0x9 src/LUFA/LUFA/Drivers/USB/Core/USBTask.o
                0x008002f5                USB_IsInitialized
                0x008002f6                USB_ControlRequest
                0x008002fe                PROVIDE (__bss_end, .)
                0x00001e3a                __data_load_start = LOADADDR (.data)
                0x00001e5c                __data_load_end = (__data_load_start + SIZEOF (.data))

.noinit         0x008002fe        0x0
                [!provide]                PROVIDE (__noinit_start, .)
 *(.noinit*)
                [!provide]                PROVIDE (__noinit_end, .)
                0x008002fe                _end = .
                [!provide]                PROVIDE (__heap_start, .)

.eeprom         0x00810000        0x0
 *(.eeprom*)
                0x00810000                __eeprom_end = .

.fuse
 *(.fuse)
 *(.lfuse)
 *(.hfuse)
 *(.efuse)

.lock
 *(.lock*)

.signature
 *(.signature*)

.user_signatures
 *(.user_signatures*)

.stab
 *(.stab)

.stabstr
 *(.stabstr)

.stab.excl
 *(.stab.excl)

.stab.exclstr
 *(.stab.exclstr)

.stab.index
 *(.stab.index)

.stab.indexstr
 *(.stab.indexstr)

.comment        0x00000000       0x30
 *(.comment)
 .comment       0x00000000       0x30 cwkeyer.o
                                 0x31 (size before relaxing)
 .comment       0x00000030       0x31 RingBuffer/fifo.o
 .comment       0x00000030       0x31 WinKeyDecoder/WinKeyDecoder.o
 .comment       0x00000030       0x31 Descriptors.o
 .comment       0x00000030       0x31 LUT/chartomorse.o
 .comment       0x00000030       0x31 MorseFSM/MorseFSM.o
 .comment       0x00000030       0x31 src/LUFA/LUFA/Drivers/USB/Class/Device/CDCClassDevice.o
 .comment       0x00000030       0x31 src/LUFA/LUFA/Drivers/USB/Core/AVR8/EndpointStream_AVR8.o
 .comment       0x00000030       0x31 src/LUFA/LUFA/Drivers/USB/Core/AVR8/Endpoint_AVR8.o
 .comment       0x00000030       0x31 src/LUFA/LUFA/Drivers/USB/Core/AVR8/USBController_AVR8.o
 .comment       0x00000030       0x31 src/LUFA/LUFA/Drivers/USB/Core/AVR8/USBInterrupt_AVR8.o
 .comment       0x00000030       0x31 src/LUFA/LUFA/Drivers/USB/Core/DeviceStandardReq.o
 .comment       0x00000030       0x31 src/LUFA/LUFA/Drivers/USB/Core/Events.o
 .comment       0x00000030       0x31 src/LUFA/LUFA/Drivers/USB/Core/USBTask.o

.note.gnu.avr.deviceinfo
                0x00000000       0x40
 .note.gnu.avr.deviceinfo
                0x00000000       0x40 D:/Atmel/Studio/7.0/Packs/atmel/ATmega_DFP/1.1.130/gcc/dev/atmega32u2/avr35/crtatmega32u2.o

.note.gnu.build-id
 *(.note.gnu.build-id)

.debug
 *(.debug)

.line
 *(.line)

.debug_srcinfo
 *(.debug_srcinfo)

.debug_sfnames
 *(.debug_sfnames)

.debug_aranges  0x00000000      0x500
 *(.debug_aranges)
 .debug_aranges
                0x00000000       0x68 cwkeyer.o
 .debug_aranges
                0x00000068       0x60 RingBuffer/fifo.o
 .debug_aranges
                0x000000c8       0x50 WinKeyDecoder/WinKeyDecoder.o
 .debug_aranges
                0x00000118       0x20 Descriptors.o
 .debug_aranges
                0x00000138       0x20 LUT/chartomorse.o
 .debug_aranges
                0x00000158       0xa0 MorseFSM/MorseFSM.o
 .debug_aranges
                0x000001f8       0x98 src/LUFA/LUFA/Drivers/USB/Class/Device/CDCClassDevice.o
 .debug_aranges
                0x00000290       0xc8 src/LUFA/LUFA/Drivers/USB/Core/AVR8/EndpointStream_AVR8.o
 .debug_aranges
                0x00000358       0x40 src/LUFA/LUFA/Drivers/USB/Core/AVR8/Endpoint_AVR8.o
 .debug_aranges
                0x00000398       0x30 src/LUFA/LUFA/Drivers/USB/Core/AVR8/USBController_AVR8.o
 .debug_aranges
                0x000003c8       0x38 src/LUFA/LUFA/Drivers/USB/Core/AVR8/USBInterrupt_AVR8.o
 .debug_aranges
                0x00000400       0x20 src/LUFA/LUFA/Drivers/USB/Core/DeviceStandardReq.o
 .debug_aranges
                0x00000420       0x20 src/LUFA/LUFA/Drivers/USB/Core/Events.o
 .debug_aranges
                0x00000440       0x20 src/LUFA/LUFA/Drivers/USB/Core/USBTask.o
 .debug_aranges
                0x00000460       0x20 D:/Atmel/Studio/7.0/Packs/atmel/ATmega_DFP/1.1.130/gcc/dev/atmega32u2/avr35\libatmega32u2.a(eerd_byte.o)
 .debug_aranges
                0x00000480       0x20 D:/Atmel/Studio/7.0/Packs/atmel/ATmega_DFP/1.1.130/gcc/dev/atmega32u2/avr35\libatmega32u2.a(eerd_word.o)
 .debug_aranges
                0x000004a0       0x20 D:/Atmel/Studio/7.0/Packs/atmel/ATmega_DFP/1.1.130/gcc/dev/atmega32u2/avr35\libatmega32u2.a(eeupd_byte.o)
 .debug_aranges
                0x000004c0       0x20 D:/Atmel/Studio/7.0/Packs/atmel/ATmega_DFP/1.1.130/gcc/dev/atmega32u2/avr35\libatmega32u2.a(eeupd_word.o)
 .debug_aranges
                0x000004e0       0x20 D:/Atmel/Studio/7.0/Packs/atmel/ATmega_DFP/1.1.130/gcc/dev/atmega32u2/avr35\libatmega32u2.a(eerd_block.o)

.debug_pubnames
 *(.debug_pubnames)

.debug_info     0x00000000     0x7e51
 *(.debug_info .gnu.linkonce.wi.*)
 .debug_info    0x00000000      0x6ba D:/Atmel/Studio/7.0/Packs/atmel/ATmega_DFP/1.1.130/gcc/dev/atmega32u2/avr35/crtatmega32u2.o
 .debug_info    0x000006ba      0xba4 cwkeyer.o
 .debug_info    0x0000125e      0x3bf RingBuffer/fifo.o
 .debug_info    0x0000161d      0x949 WinKeyDecoder/WinKeyDecoder.o
 .debug_info    0x00001f66      0x778 Descriptors.o
 .debug_info    0x000026de      0x16e LUT/chartomorse.o
 .debug_info    0x0000284c      0xd8c MorseFSM/MorseFSM.o
 .debug_info    0x000035d8      0xf2a src/LUFA/LUFA/Drivers/USB/Class/Device/CDCClassDevice.o
 .debug_info    0x00004502     0x176e src/LUFA/LUFA/Drivers/USB/Core/AVR8/EndpointStream_AVR8.o
 .debug_info    0x00005c70      0x606 src/LUFA/LUFA/Drivers/USB/Core/AVR8/Endpoint_AVR8.o
 .debug_info    0x00006276      0x45c src/LUFA/LUFA/Drivers/USB/Core/AVR8/USBController_AVR8.o
 .debug_info    0x000066d2      0x6fe src/LUFA/LUFA/Drivers/USB/Core/AVR8/USBInterrupt_AVR8.o
 .debug_info    0x00006dd0      0xa49 src/LUFA/LUFA/Drivers/USB/Core/DeviceStandardReq.o
 .debug_info    0x00007819       0x7c src/LUFA/LUFA/Drivers/USB/Core/Events.o
 .debug_info    0x00007895      0x258 src/LUFA/LUFA/Drivers/USB/Core/USBTask.o
 .debug_info    0x00007aed       0xad D:/Atmel/Studio/7.0/Packs/atmel/ATmega_DFP/1.1.130/gcc/dev/atmega32u2/avr35\libatmega32u2.a(eerd_byte.o)
 .debug_info    0x00007b9a       0xad D:/Atmel/Studio/7.0/Packs/atmel/ATmega_DFP/1.1.130/gcc/dev/atmega32u2/avr35\libatmega32u2.a(eerd_word.o)
 .debug_info    0x00007c47       0xae D:/Atmel/Studio/7.0/Packs/atmel/ATmega_DFP/1.1.130/gcc/dev/atmega32u2/avr35\libatmega32u2.a(eeupd_byte.o)
 .debug_info    0x00007cf5       0xae D:/Atmel/Studio/7.0/Packs/atmel/ATmega_DFP/1.1.130/gcc/dev/atmega32u2/avr35\libatmega32u2.a(eeupd_word.o)
 .debug_info    0x00007da3       0xae D:/Atmel/Studio/7.0/Packs/atmel/ATmega_DFP/1.1.130/gcc/dev/atmega32u2/avr35\libatmega32u2.a(eerd_block.o)

.debug_abbrev   0x00000000     0x251f
 *(.debug_abbrev)
 .debug_abbrev  0x00000000      0x65d D:/Atmel/Studio/7.0/Packs/atmel/ATmega_DFP/1.1.130/gcc/dev/atmega32u2/avr35/crtatmega32u2.o
 .debug_abbrev  0x0000065d      0x3b8 cwkeyer.o
 .debug_abbrev  0x00000a15      0x1b6 RingBuffer/fifo.o
 .debug_abbrev  0x00000bcb      0x2a3 WinKeyDecoder/WinKeyDecoder.o
 .debug_abbrev  0x00000e6e      0x139 Descriptors.o
 .debug_abbrev  0x00000fa7       0xdd LUT/chartomorse.o
 .debug_abbrev  0x00001084      0x369 MorseFSM/MorseFSM.o
 .debug_abbrev  0x000013ed      0x47e src/LUFA/LUFA/Drivers/USB/Class/Device/CDCClassDevice.o
 .debug_abbrev  0x0000186b      0x200 src/LUFA/LUFA/Drivers/USB/Core/AVR8/EndpointStream_AVR8.o
 .debug_abbrev  0x00001a6b      0x20f src/LUFA/LUFA/Drivers/USB/Core/AVR8/Endpoint_AVR8.o
 .debug_abbrev  0x00001c7a      0x190 src/LUFA/LUFA/Drivers/USB/Core/AVR8/USBController_AVR8.o
 .debug_abbrev  0x00001e0a      0x23a src/LUFA/LUFA/Drivers/USB/Core/AVR8/USBInterrupt_AVR8.o
 .debug_abbrev  0x00002044      0x2c5 src/LUFA/LUFA/Drivers/USB/Core/DeviceStandardReq.o
 .debug_abbrev  0x00002309       0x47 src/LUFA/LUFA/Drivers/USB/Core/Events.o
 .debug_abbrev  0x00002350      0x16b src/LUFA/LUFA/Drivers/USB/Core/USBTask.o
 .debug_abbrev  0x000024bb       0x14 D:/Atmel/Studio/7.0/Packs/atmel/ATmega_DFP/1.1.130/gcc/dev/atmega32u2/avr35\libatmega32u2.a(eerd_byte.o)
 .debug_abbrev  0x000024cf       0x14 D:/Atmel/Studio/7.0/Packs/atmel/ATmega_DFP/1.1.130/gcc/dev/atmega32u2/avr35\libatmega32u2.a(eerd_word.o)
 .debug_abbrev  0x000024e3       0x14 D:/Atmel/Studio/7.0/Packs/atmel/ATmega_DFP/1.1.130/gcc/dev/atmega32u2/avr35\libatmega32u2.a(eeupd_byte.o)
 .debug_abbrev  0x000024f7       0x14 D:/Atmel/Studio/7.0/Packs/atmel/ATmega_DFP/1.1.130/gcc/dev/atmega32u2/avr35\libatmega32u2.a(eeupd_word.o)
 .debug_abbrev  0x0000250b       0x14 D:/Atmel/Studio/7.0/Packs/atmel/ATmega_DFP/1.1.130/gcc/dev/atmega32u2/avr35\libatmega32u2.a(eerd_block.o)

.debug_line     0x00000000     0xa31b
 *(.debug_line .debug_line.* .debug_line_end)
 .debug_line    0x00000000      0x145 D:/Atmel/Studio/7.0/Packs/atmel/ATmega_DFP/1.1.130/gcc/dev/atmega32u2/avr35/crtatmega32u2.o
 .debug_line    0x00000145     0x105a cwkeyer.o
 .debug_line    0x0000119f      0x3d0 RingBuffer/fifo.o
 .debug_line    0x0000156f     0x129f WinKeyDecoder/WinKeyDecoder.o
 .debug_line    0x0000280e      0xc30 Descriptors.o
 .debug_line    0x0000343e      0x233 LUT/chartomorse.o
 .debug_line    0x00003671      0x9cb MorseFSM/MorseFSM.o
 .debug_line    0x0000403c     0x1327 src/LUFA/LUFA/Drivers/USB/Class/Device/CDCClassDevice.o
 .debug_line    0x00005363     0x199c src/LUFA/LUFA/Drivers/USB/Core/AVR8/EndpointStream_AVR8.o
 .debug_line    0x00006cff      0xb61 src/LUFA/LUFA/Drivers/USB/Core/AVR8/Endpoint_AVR8.o
 .debug_line    0x00007860      0x836 src/LUFA/LUFA/Drivers/USB/Core/AVR8/USBController_AVR8.o
 .debug_line    0x00008096      0xa7c src/LUFA/LUFA/Drivers/USB/Core/AVR8/USBInterrupt_AVR8.o
 .debug_line    0x00008b12      0x9e1 src/LUFA/LUFA/Drivers/USB/Core/DeviceStandardReq.o
 .debug_line    0x000094f3      0x402 src/LUFA/LUFA/Drivers/USB/Core/Events.o
 .debug_line    0x000098f5      0x782 src/LUFA/LUFA/Drivers/USB/Core/USBTask.o
 .debug_line    0x0000a077       0x7a D:/Atmel/Studio/7.0/Packs/atmel/ATmega_DFP/1.1.130/gcc/dev/atmega32u2/avr35\libatmega32u2.a(eerd_byte.o)
 .debug_line    0x0000a0f1       0x67 D:/Atmel/Studio/7.0/Packs/atmel/ATmega_DFP/1.1.130/gcc/dev/atmega32u2/avr35\libatmega32u2.a(eerd_word.o)
 .debug_line    0x0000a158       0xb6 D:/Atmel/Studio/7.0/Packs/atmel/ATmega_DFP/1.1.130/gcc/dev/atmega32u2/avr35\libatmega32u2.a(eeupd_byte.o)
 .debug_line    0x0000a20e       0x62 D:/Atmel/Studio/7.0/Packs/atmel/ATmega_DFP/1.1.130/gcc/dev/atmega32u2/avr35\libatmega32u2.a(eeupd_word.o)
 .debug_line    0x0000a270       0xab D:/Atmel/Studio/7.0/Packs/atmel/ATmega_DFP/1.1.130/gcc/dev/atmega32u2/avr35\libatmega32u2.a(eerd_block.o)

.debug_frame    0x00000000      0xbe8
 *(.debug_frame)
 .debug_frame   0x00000000       0xf8 cwkeyer.o
 .debug_frame   0x000000f8       0xa4 RingBuffer/fifo.o
 .debug_frame   0x0000019c       0xf0 WinKeyDecoder/WinKeyDecoder.o
 .debug_frame   0x0000028c       0x24 Descriptors.o
 .debug_frame   0x000002b0       0x24 LUT/chartomorse.o
 .debug_frame   0x000002d4      0x1b4 MorseFSM/MorseFSM.o
 .debug_frame   0x00000488      0x164 src/LUFA/LUFA/Drivers/USB/Class/Device/CDCClassDevice.o
 .debug_frame   0x000005ec      0x3bc src/LUFA/LUFA/Drivers/USB/Core/AVR8/EndpointStream_AVR8.o
 .debug_frame   0x000009a8       0x84 src/LUFA/LUFA/Drivers/USB/Core/AVR8/Endpoint_AVR8.o
 .debug_frame   0x00000a2c       0x44 src/LUFA/LUFA/Drivers/USB/Core/AVR8/USBController_AVR8.o
 .debug_frame   0x00000a70       0xec src/LUFA/LUFA/Drivers/USB/Core/AVR8/USBInterrupt_AVR8.o
 .debug_frame   0x00000b5c       0x3c src/LUFA/LUFA/Drivers/USB/Core/DeviceStandardReq.o
 .debug_frame   0x00000b98       0x24 src/LUFA/LUFA/Drivers/USB/Core/Events.o
 .debug_frame   0x00000bbc       0x2c src/LUFA/LUFA/Drivers/USB/Core/USBTask.o

.debug_str      0x00000000    0x158d3
 *(.debug_str)
 .debug_str     0x00000000      0x262 D:/Atmel/Studio/7.0/Packs/atmel/ATmega_DFP/1.1.130/gcc/dev/atmega32u2/avr35/crtatmega32u2.o
 .debug_str     0x00000262    0x12ba8 cwkeyer.o
                              0x12e6e (size before relaxing)
 .debug_str     0x00012e0a       0x69 RingBuffer/fifo.o
                               0x705c (size before relaxing)
 .debug_str     0x00012e73      0x3ee WinKeyDecoder/WinKeyDecoder.o
                              0x12adc (size before relaxing)
 .debug_str     0x00013261      0x956 Descriptors.o
                              0x12a14 (size before relaxing)
 .debug_str     0x00013bb7       0x69 LUT/chartomorse.o
                               0x7fc4 (size before relaxing)
 .debug_str     0x00013c20      0x3d5 MorseFSM/MorseFSM.o
                               0x8e8e (size before relaxing)
 .debug_str     0x00013ff5      0x5af src/LUFA/LUFA/Drivers/USB/Class/Device/CDCClassDevice.o
                              0x12869 (size before relaxing)
 .debug_str     0x000145a4      0x888 src/LUFA/LUFA/Drivers/USB/Core/AVR8/EndpointStream_AVR8.o
                               0xceb0 (size before relaxing)
 .debug_str     0x00014e2c      0x1c6 src/LUFA/LUFA/Drivers/USB/Core/AVR8/Endpoint_AVR8.o
                               0xc55f (size before relaxing)
 .debug_str     0x00014ff2      0x27b src/LUFA/LUFA/Drivers/USB/Core/AVR8/USBController_AVR8.o
                               0xc496 (size before relaxing)
 .debug_str     0x0001526d      0x182 src/LUFA/LUFA/Drivers/USB/Core/AVR8/USBInterrupt_AVR8.o
                               0xc4ca (size before relaxing)
 .debug_str     0x000153ef      0x42f src/LUFA/LUFA/Drivers/USB/Core/DeviceStandardReq.o
                               0xc930 (size before relaxing)
 .debug_str     0x0001581e       0x53 src/LUFA/LUFA/Drivers/USB/Core/Events.o
                               0xb701 (size before relaxing)
 .debug_str     0x00015871       0x62 src/LUFA/LUFA/Drivers/USB/Core/USBTask.o
                               0xc2de (size before relaxing)

.debug_loc      0x00000000     0x43c7
 *(.debug_loc)
 .debug_loc     0x00000000      0x294 cwkeyer.o
 .debug_loc     0x00000294      0x251 RingBuffer/fifo.o
 .debug_loc     0x000004e5      0x66c WinKeyDecoder/WinKeyDecoder.o
 .debug_loc     0x00000b51      0x186 Descriptors.o
 .debug_loc     0x00000cd7       0xe7 LUT/chartomorse.o
 .debug_loc     0x00000dbe      0x3ae MorseFSM/MorseFSM.o
 .debug_loc     0x0000116c      0x953 src/LUFA/LUFA/Drivers/USB/Class/Device/CDCClassDevice.o
 .debug_loc     0x00001abf     0x1ebe src/LUFA/LUFA/Drivers/USB/Core/AVR8/EndpointStream_AVR8.o
 .debug_loc     0x0000397d      0x3df src/LUFA/LUFA/Drivers/USB/Core/AVR8/Endpoint_AVR8.o
 .debug_loc     0x00003d5c      0x33b src/LUFA/LUFA/Drivers/USB/Core/AVR8/USBInterrupt_AVR8.o
 .debug_loc     0x00004097      0x2e7 src/LUFA/LUFA/Drivers/USB/Core/DeviceStandardReq.o
 .debug_loc     0x0000437e       0x49 src/LUFA/LUFA/Drivers/USB/Core/USBTask.o

.debug_macinfo
 *(.debug_macinfo)

.debug_weaknames
 *(.debug_weaknames)

.debug_funcnames
 *(.debug_funcnames)

.debug_typenames
 *(.debug_typenames)

.debug_varnames
 *(.debug_varnames)

.debug_pubtypes
 *(.debug_pubtypes)

.debug_ranges   0x00000000      0x580
 *(.debug_ranges)
 .debug_ranges  0x00000000       0x58 cwkeyer.o
 .debug_ranges  0x00000058       0x50 RingBuffer/fifo.o
 .debug_ranges  0x000000a8       0x58 WinKeyDecoder/WinKeyDecoder.o
 .debug_ranges  0x00000100       0x10 Descriptors.o
 .debug_ranges  0x00000110       0x10 LUT/chartomorse.o
 .debug_ranges  0x00000120       0xc0 MorseFSM/MorseFSM.o
 .debug_ranges  0x000001e0       0x88 src/LUFA/LUFA/Drivers/USB/Class/Device/CDCClassDevice.o
 .debug_ranges  0x00000268      0x1f8 src/LUFA/LUFA/Drivers/USB/Core/AVR8/EndpointStream_AVR8.o
 .debug_ranges  0x00000460       0x78 src/LUFA/LUFA/Drivers/USB/Core/AVR8/Endpoint_AVR8.o
 .debug_ranges  0x000004d8       0x20 src/LUFA/LUFA/Drivers/USB/Core/AVR8/USBController_AVR8.o
 .debug_ranges  0x000004f8       0x40 src/LUFA/LUFA/Drivers/USB/Core/AVR8/USBInterrupt_AVR8.o
 .debug_ranges  0x00000538       0x28 src/LUFA/LUFA/Drivers/USB/Core/DeviceStandardReq.o
 .debug_ranges  0x00000560       0x10 src/LUFA/LUFA/Drivers/USB/Core/Events.o
 .debug_ranges  0x00000570       0x10 src/LUFA/LUFA/Drivers/USB/Core/USBTask.o

.debug_macro    0x00000000     0x760a
 *(.debug_macro)
 .debug_macro   0x00000000      0x4d0 cwkeyer.o
 .debug_macro   0x000004d0      0xa66 cwkeyer.o
 .debug_macro   0x00000f36       0x10 cwkeyer.o
 .debug_macro   0x00000f46      0x1c9 cwkeyer.o
 .debug_macro   0x0000110f      0x2fc cwkeyer.o
 .debug_macro   0x0000140b       0x9e cwkeyer.o
 .debug_macro   0x000014a9     0x1601 cwkeyer.o
 .debug_macro   0x00002aaa      0x13a cwkeyer.o
 .debug_macro   0x00002be4       0xcb cwkeyer.o
 .debug_macro   0x00002caf       0x34 cwkeyer.o
 .debug_macro   0x00002ce3       0x18 cwkeyer.o
 .debug_macro   0x00002cfb       0x6c cwkeyer.o
 .debug_macro   0x00002d67       0x68 cwkeyer.o
 .debug_macro   0x00002dcf       0x69 cwkeyer.o
 .debug_macro   0x00002e38       0x65 cwkeyer.o
 .debug_macro   0x00002e9d      0x166 cwkeyer.o
 .debug_macro   0x00003003       0x39 cwkeyer.o
 .debug_macro   0x0000303c       0x10 cwkeyer.o
 .debug_macro   0x0000304c       0x35 cwkeyer.o
 .debug_macro   0x00003081       0xe8 cwkeyer.o
 .debug_macro   0x00003169       0x12 cwkeyer.o
 .debug_macro   0x0000317b       0x10 cwkeyer.o
 .debug_macro   0x0000318b       0x22 cwkeyer.o
 .debug_macro   0x000031ad       0x16 cwkeyer.o
 .debug_macro   0x000031c3       0x22 cwkeyer.o
 .debug_macro   0x000031e5      0x18b cwkeyer.o
 .debug_macro   0x00003370       0x2f cwkeyer.o
 .debug_macro   0x0000339f       0x1c cwkeyer.o
 .debug_macro   0x000033bb       0x68 cwkeyer.o
 .debug_macro   0x00003423       0x34 cwkeyer.o
 .debug_macro   0x00003457      0x10c cwkeyer.o
 .debug_macro   0x00003563      0x160 cwkeyer.o
 .debug_macro   0x000036c3      0x160 cwkeyer.o
 .debug_macro   0x00003823       0x10 cwkeyer.o
 .debug_macro   0x00003833       0x1c cwkeyer.o
 .debug_macro   0x0000384f       0x86 cwkeyer.o
 .debug_macro   0x000038d5       0x3c cwkeyer.o
 .debug_macro   0x00003911       0x19 cwkeyer.o
 .debug_macro   0x0000392a       0x4d cwkeyer.o
 .debug_macro   0x00003977       0x73 cwkeyer.o
 .debug_macro   0x000039ea       0x16 cwkeyer.o
 .debug_macro   0x00003a00       0x12 cwkeyer.o
 .debug_macro   0x00003a12       0x1c cwkeyer.o
 .debug_macro   0x00003a2e       0x64 cwkeyer.o
 .debug_macro   0x00003a92       0x41 cwkeyer.o
 .debug_macro   0x00003ad3       0x12 cwkeyer.o
 .debug_macro   0x00003ae5       0x10 cwkeyer.o
 .debug_macro   0x00003af5       0x1c cwkeyer.o
 .debug_macro   0x00003b11       0x16 cwkeyer.o
 .debug_macro   0x00003b27       0x16 cwkeyer.o
 .debug_macro   0x00003b3d      0x12c cwkeyer.o
 .debug_macro   0x00003c69       0x16 cwkeyer.o
 .debug_macro   0x00003c7f       0x46 cwkeyer.o
 .debug_macro   0x00003cc5       0x58 cwkeyer.o
 .debug_macro   0x00003d1d       0x10 cwkeyer.o
 .debug_macro   0x00003d2d       0xf2 cwkeyer.o
 .debug_macro   0x00003e1f       0x16 cwkeyer.o
 .debug_macro   0x00003e35      0x154 cwkeyer.o
 .debug_macro   0x00003f89       0x2a cwkeyer.o
 .debug_macro   0x00003fb3      0x657 cwkeyer.o
 .debug_macro   0x0000460a       0x16 cwkeyer.o
 .debug_macro   0x00004620      0x132 cwkeyer.o
 .debug_macro   0x00004752       0x16 cwkeyer.o
 .debug_macro   0x00004768       0x10 cwkeyer.o
 .debug_macro   0x00004778       0x6c cwkeyer.o
 .debug_macro   0x000047e4       0x16 cwkeyer.o
 .debug_macro   0x000047fa       0x1c cwkeyer.o
 .debug_macro   0x00004816       0x16 cwkeyer.o
 .debug_macro   0x0000482c       0x10 cwkeyer.o
 .debug_macro   0x0000483c      0x1c5 cwkeyer.o
 .debug_macro   0x00004a01       0x16 cwkeyer.o
 .debug_macro   0x00004a17       0x22 cwkeyer.o
 .debug_macro   0x00004a39       0x10 cwkeyer.o
 .debug_macro   0x00004a49       0x2e cwkeyer.o
 .debug_macro   0x00004a77       0x2e cwkeyer.o
 .debug_macro   0x00004aa5       0x64 cwkeyer.o
 .debug_macro   0x00004b09       0x10 cwkeyer.o
 .debug_macro   0x00004b19       0x9a RingBuffer/fifo.o
 .debug_macro   0x00004bb3      0x4e5 WinKeyDecoder/WinKeyDecoder.o
 .debug_macro   0x00005098      0x430 Descriptors.o
 .debug_macro   0x000054c8       0x89 Descriptors.o
 .debug_macro   0x00005551       0xaa Descriptors.o
 .debug_macro   0x000055fb       0xee Descriptors.o
 .debug_macro   0x000056e9       0x20 Descriptors.o
 .debug_macro   0x00005709       0xef Descriptors.o
 .debug_macro   0x000057f8       0x33 Descriptors.o
 .debug_macro   0x0000582b       0xa3 LUT/chartomorse.o
 .debug_macro   0x000058ce      0x302 LUT/chartomorse.o
 .debug_macro   0x00005bd0       0xf9 MorseFSM/MorseFSM.o
 .debug_macro   0x00005cc9      0x439 src/LUFA/LUFA/Drivers/USB/Class/Device/CDCClassDevice.o
 .debug_macro   0x00006102      0x60c src/LUFA/LUFA/Drivers/USB/Core/AVR8/EndpointStream_AVR8.o
 .debug_macro   0x0000670e       0x28 src/LUFA/LUFA/Drivers/USB/Core/AVR8/EndpointStream_AVR8.o
 .debug_macro   0x00006736       0x1c src/LUFA/LUFA/Drivers/USB/Core/AVR8/EndpointStream_AVR8.o
 .debug_macro   0x00006752       0x1c src/LUFA/LUFA/Drivers/USB/Core/AVR8/EndpointStream_AVR8.o
 .debug_macro   0x0000676e      0x2a3 src/LUFA/LUFA/Drivers/USB/Core/AVR8/Endpoint_AVR8.o
 .debug_macro   0x00006a11       0x10 src/LUFA/LUFA/Drivers/USB/Core/AVR8/Endpoint_AVR8.o
 .debug_macro   0x00006a21      0x275 src/LUFA/LUFA/Drivers/USB/Core/AVR8/USBController_AVR8.o
 .debug_macro   0x00006c96       0x79 src/LUFA/LUFA/Drivers/USB/Core/AVR8/USBController_AVR8.o
 .debug_macro   0x00006d0f      0x27d src/LUFA/LUFA/Drivers/USB/Core/AVR8/USBInterrupt_AVR8.o
 .debug_macro   0x00006f8c      0x27b src/LUFA/LUFA/Drivers/USB/Core/DeviceStandardReq.o
 .debug_macro   0x00007207      0x182 src/LUFA/LUFA/Drivers/USB/Core/Events.o
 .debug_macro   0x00007389      0x281 src/LUFA/LUFA/Drivers/USB/Core/USBTask.o
OUTPUT(CWKeyer.elf elf32-avr)
LOAD linker stubs
